eeschema (2013-may-18)-stable  >> Creation date: Sat Mar 14 17:06:56 2015
#Cmp ( order = Reference )
| 1k1        R_PACK8     
| C1         10uf        
| C2         0.1uf       
| C3         2.2uf       
| C4         0.1uf       
| C5         2.2uf       
| C6         0.1uf       
| C7         2.2uf       
| C8         0.1uf       
| C9         0.1uf       
| C10        0.1uf       
| C11        0.1uf       
| C12        0.1uf       
| C13        0.1uf       
| C14        0.1uf       
| C15        0.1uf       
| C16        0.1uf       
| C17        0.1uf       
| C18        0.1uf       
| C19        0.1uf       
| C20        10uf        
| C21        0.1uf       
| C22        0.1uf       
| C23        1uf         
| C24        0.1uf       
| C25        20pf        
| C26        20pf        
| CON1       USB-MINI-B  
| D1         Power LED   
| F1         FUSE        
| F2         FUSE        
| F3         FUSE        
| F4         FUSE        
| F5         FUSE        
| F6         FUSE        
| F7         FUSE        
| F8         FUSE        
| JP1        JUMPER      
| JP2        JUMPER      
| JP3        JUMPER      
| JP4        JUMPER      
| JP5        JUMPER      
| JP6        JUMPER      
| P1         CONN_01X08  
| P2         CONN_01X08  
| P3         CONN_01X03  
| P4         CONN_01X04  
| P5         CONN_01X07  
| P6         CONN_01X12  
| P7         CONN_01X12  
| P8         CONN_02X03  
| P9         CONN_01X06  
| Q1         FDN359AN    
| Q2         FDN359AN    
| Q3         FDN359AN    
| Q4         FDN359AN    
| Q5         FDN359AN    
| Q6         FDN359AN    
| R1         100k        
| R2         1.0k 1%     
| R3         47          
| R4         1.0k 1%     
| R5         1M 1%       
| R6         1.0k 1%     
| R7         47          
| R8         1.0k 1%     
| R9         1M 1%       
| R10        1.0k 1%     
| R11        47          
| R12        1.0k 1%     
| R13        1M 1%       
| R14        1.0k 1%     
| R15        47          
| R16        1.0k 1%     
| R17        1M 1%       
| R18        1.0k 1%     
| R19        47          
| R20        1.0k 1%     
| R21        1M 1%       
| R22        1.0k 1%     
| R23        47          
| R24        1.0k 1%     
| R25        1M 1%       
| R26        22          
| R27        22          
| R28        10k         
| R29        1M          
| R30        1k          
| RP1        R_PACK8     
| SW1        SW_PUSH     
| U1         BQ76PL536A  
| U2         ATMEGA32U4  
| X1         16MHz       
| Z1         ZENER       
| Z2         ZENER       
| Z3         ZENER       
| Z4         ZENER       
| Z5         ZENER       
| Z6         ZENER       
| Z7         ZENER       
| Z8         ZENER       
| Z9         ZENER       
| Z10        ZENER       
| Z11        ZENER       
| Z12        ZENER       
#End Cmp

#Cmp ( order = Value )
| 20pf         C25       
| 20pf         C26       
| 0.1uf        C21       
| 0.1uf        C22       
| 0.1uf        C24       
| 0.1uf        C2        
| 0.1uf        C4        
| 0.1uf        C6        
| 0.1uf        C8        
| 0.1uf        C9        
| 0.1uf        C10       
| 0.1uf        C11       
| 0.1uf        C12       
| 0.1uf        C13       
| 0.1uf        C14       
| 0.1uf        C15       
| 0.1uf        C16       
| 0.1uf        C17       
| 0.1uf        C18       
| 0.1uf        C19       
| 1uf          C23       
| 2.2uf        C3        
| 2.2uf        C5        
| 2.2uf        C7        
| 10uf         C20       
| 10uf         C1        
| USB-MINI-B   CON1      
| Power LED    D1        
| FUSE         F1        
| FUSE         F2        
| FUSE         F3        
| FUSE         F4        
| FUSE         F5        
| FUSE         F6        
| FUSE         F7        
| FUSE         F8        
| JUMPER       JP1       
| JUMPER       JP2       
| JUMPER       JP3       
| JUMPER       JP4       
| JUMPER       JP5       
| JUMPER       JP6       
| CONN_01X08   P1        
| CONN_01X08   P2        
| CONN_01X03   P3        
| CONN_01X04   P4        
| CONN_01X07   P5        
| CONN_01X12   P6        
| CONN_01X12   P7        
| CONN_02X03   P8        
| CONN_01X06   P9        
| FDN359AN     Q1        
| FDN359AN     Q2        
| FDN359AN     Q3        
| FDN359AN     Q4        
| FDN359AN     Q5        
| FDN359AN     Q6        
| 22           R26       
| 22           R27       
| 47           R3        
| 47           R7        
| 47           R11       
| 47           R15       
| 47           R19       
| 47           R23       
| 1.0k 1%      R2        
| 1.0k 1%      R4        
| 1.0k 1%      R6        
| 1.0k 1%      R8        
| 1.0k 1%      R10       
| 1.0k 1%      R12       
| 1.0k 1%      R14       
| 1.0k 1%      R16       
| 1.0k 1%      R18       
| 1.0k 1%      R20       
| 1.0k 1%      R22       
| 1.0k 1%      R24       
| 1k           R30       
| 10k          R28       
| 100k         R1        
| 1M 1%        R5        
| 1M 1%        R9        
| 1M 1%        R13       
| 1M 1%        R17       
| 1M 1%        R21       
| 1M 1%        R25       
| 1M           R29       
| R_PACK8      RP1       
| SW_PUSH      SW1       
| ATMEGA32U4   U2        
| BQ76PL536A   U1        
| 16MHz        X1        
| ZENER        Z1        
| ZENER        Z3        
| ZENER        Z2        
| R_PACK8      1k1       
| ZENER        Z5        
| ZENER        Z7        
| ZENER        Z9        
| ZENER        Z11       
| ZENER        Z4        
| ZENER        Z6        
| ZENER        Z8        
| ZENER        Z10       
| ZENER        Z12       
#End Cmp

#End List
